// Jest Snapshot v1, https://goo.gl/fbAQLP

exports[`Describe describeComparison describes an uncolored fs comparison 1`] = `
"describe[N]
├── a / a.txt[A]
└── b[N]
    ├── b.txt[M]
    ├── c[A]
    │   ├── c.txt[A]
    │   ├── d / d.txt[A]
    │   └── e.txt[A]
    └── f.txt[A]"
`;

exports[`Describe describes a fs 1`] = `
"describe
├── a / a.txt
└── b
    ├── b.txt
    ├── c
    │   ├── c.txt
    │   ├── d / d.txt
    │   └── e.txt
    └── f.txt"
`;
